compiler=procedural-mannequin-blender-v8
blender=5.2.0 LTS
blenderBuild=fbe6228777e7
recipeHash=caf19aa55cdd8278bec322fb3522c30f18af9fe091ba103edff64ba34ee1c80b
heightMetres=1.82
proportions={"height":1.82,"shoulderWidth":0.5,"torsoLength":0.5,"armLength":0.5,"legLength":0.5,"hipWidth":0.5}
firstOutputHash=cbd56583755271361bd5dbf8fa968d42b4331bd7b3be2e13a40ff07110e1eb3b
secondOutputHash=cbd56583755271361bd5dbf8fa968d42b4331bd7b3be2e13a40ff07110e1eb3b
binaryDeterministic=true
semanticHash=677ff621095aaae05e91a46dc17b5c6f9decfe41838f888cf3f14681e4f1fcb0
semanticDeterministic=true
roundTripPassed=true
validationVersion=procedural-mannequin-roundtrip-v9
sourceImmutable=true
00:02.328  blend            | Read blend: "C:\Users\jadcr\Documents\Code\game-engine\tools\blender-character\experimental\authored-human-canonical-v1\candidate.blend"
INFO Draco is available, use library at C:\Program Files\Blender Foundation\Blender 5.2\5.2\scripts\addons_core\io_scene_gltf2\bf_intern_draco_bridge.dll
INFO MeshOptimizer is available, use library at C:\Program Files\Blender Foundation\Blender 5.2\5.2\scripts\addons_core\io_scene_gltf2\bf_intern_meshopt_bridge.dll
13:03:24 | INFO: Starting glTF 2.0 export
13:03:24 | INFO: Extracting primitive: Face.002
13:03:24 | WARNING: The active Vertex Color will not be exported, as it is not used in the node tree of the material
13:03:24 | INFO: Primitives created: 1
13:03:24 | INFO: Extracting primitive: Face.003
13:03:24 | INFO: Primitives created: 1
13:03:24 | INFO: Extracting primitive: Sphere.005_Retopology.001
13:03:25 | WARNING: More than one shader node tex image used for a texture. The resulting glTF sampler will behave like the first shader node tex image.
13:03:25 | INFO: Primitives created: 1
13:03:25 | INFO: Extracting primitive: Cylinder.001
13:03:25 | INFO: Primitives created: 1
13:03:25 | INFO: Finished glTF 2.0 export in 0.5930688381195068 s

Blender 5.2.0 LTS (hash fbe6228777e7 built 2026-07-14 01:35:40)

Blender quit


00:02.281  blend            | Read blend: "C:\Users\jadcr\Documents\Code\game-engine\tools\blender-character\experimental\authored-human-canonical-v1\candidate.blend"
INFO Draco is available, use library at C:\Program Files\Blender Foundation\Blender 5.2\5.2\scripts\addons_core\io_scene_gltf2\bf_intern_draco_bridge.dll
INFO MeshOptimizer is available, use library at C:\Program Files\Blender Foundation\Blender 5.2\5.2\scripts\addons_core\io_scene_gltf2\bf_intern_meshopt_bridge.dll
13:03:28 | INFO: Starting glTF 2.0 export
13:03:28 | INFO: Extracting primitive: Face.002
13:03:28 | WARNING: The active Vertex Color will not be exported, as it is not used in the node tree of the material
13:03:28 | INFO: Primitives created: 1
13:03:28 | INFO: Extracting primitive: Face.003
13:03:28 | INFO: Primitives created: 1
13:03:28 | INFO: Extracting primitive: Sphere.005_Retopology.001
13:03:29 | WARNING: More than one shader node tex image used for a texture. The resulting glTF sampler will behave like the first shader node tex image.
13:03:29 | INFO: Primitives created: 1
13:03:29 | INFO: Extracting primitive: Cylinder.001
13:03:29 | INFO: Primitives created: 1
13:03:29 | INFO: Finished glTF 2.0 export in 0.5829410552978516 s

Blender 5.2.0 LTS (hash fbe6228777e7 built 2026-07-14 01:35:40)

Blender quit


